\BOOKMARK [1][-]{section.1}{\376\377\000M\000o\000t\000i\000v\000a\000t\000i\000o\000n\000\040\000a\000n\000d\000\040\000s\000i\000g\000n\000i\000f\000i\000c\000a\000n\000c\000e}{}% 1
\BOOKMARK [2][-]{subsection.1.1}{\376\377\000M\000o\000d\000u\000l\000a\000r\000\040\000a\000r\000c\000h\000i\000t\000e\000c\000t\000u\000r\000e}{section.1}% 2
\BOOKMARK [2][-]{subsection.1.2}{\376\377\000L\000o\000o\000s\000e\000\040\000c\000o\000u\000p\000l\000i\000n\000g}{section.1}% 3
\BOOKMARK [3][-]{subsubsection.1.2.1}{\376\377\000V\000a\000l\000i\000d\000a\000t\000i\000o\000n}{subsection.1.2}% 4
\BOOKMARK [3][-]{subsubsection.1.2.2}{\376\377\000D\000e\000p\000l\000o\000y\000m\000e\000n\000t}{subsection.1.2}% 5
\BOOKMARK [3][-]{subsubsection.1.2.3}{\376\377\000C\000I\000/\000C\000D\000\040\000c\000o\000m\000p\000a\000t\000i\000b\000i\000l\000i\000t\000y}{subsection.1.2}% 6
\BOOKMARK [3][-]{subsubsection.1.2.4}{\376\377\000V\000e\000r\000s\000i\000o\000n\000i\000n\000g\000\040\000a\000n\000d\000\040\000m\000u\000l\000t\000i\040\023\000p\000l\000a\000t\000f\000o\000r\000m\000\040\000a\000b\000i\000l\000i\000t\000y}{subsection.1.2}% 7
\BOOKMARK [3][-]{subsubsection.1.2.5}{\376\377\000A\000r\000t\000i\000f\000a\000c\000t\000\040\000m\000a\000n\000a\000g\000e\000m\000e\000n\000t}{subsection.1.2}% 8
\BOOKMARK [3][-]{subsubsection.1.2.6}{\376\377\000B\000i\000n\000a\000r\000y\000\040\000c\000o\000m\000p\000o\000s\000i\000t\000i\000o\000n}{subsection.1.2}% 9
\BOOKMARK [2][-]{subsection.1.3}{\376\377\000P\000r\000o\000p\000o\000s\000e\000d\000\040\000t\000e\000c\000h\040\023\000s\000t\000a\000c\000k\000\040\000i\000n\000c\000l\000u\000d\000i\000n\000g\000\040\000d\000i\000f\000f}{section.1}% 10
\BOOKMARK [2][-]{subsection.1.4}{\376\377\000P\000h\000y\000s\000i\000c\000a\000l\000\040\000a\000n\000d\000\040\000l\000o\000g\000i\000c\000a\000l\000\040\000s\000t\000r\000u\000c\000t\000u\000r\000e}{section.1}% 11
\BOOKMARK [3][-]{subsubsection.1.4.1}{\376\377\000A\000p\000p\000l\000i\000c\000a\000t\000i\000o\000n\000\040\000l\000a\000y\000e\000r}{subsection.1.4}% 12
\BOOKMARK [3][-]{subsubsection.1.4.2}{\376\377\000S\000y\000s\000t\000e\000m\000\040\000l\000a\000y\000e\000r}{subsection.1.4}% 13
\BOOKMARK [3][-]{subsubsection.1.4.3}{\376\377\000P\000l\000a\000t\000f\000o\000r\000m\000\040\000l\000a\000y\000e\000r}{subsection.1.4}% 14
\BOOKMARK [3][-]{subsubsection.1.4.4}{\376\377\000F\000l\000e\000x\000i\000b\000i\000l\000i\000t\000y\000\040\000p\000r\000o\000v\000i\000d\000e\000d}{subsection.1.4}% 15
\BOOKMARK [1][-]{section.2}{\376\377\000S\000o\000f\000t\000w\000a\000r\000e\000\040\000d\000e\000s\000c\000r\000i\000p\000t\000i\000o\000n}{}% 16
\BOOKMARK [2][-]{subsection.2.1}{\376\377\000C\000o\000m\000p\000o\000n\000e\000n\000t\000\040\000i\000m\000p\000l\000e\000m\000e\000n\000t\000a\000t\000i\000o\000n}{section.2}% 17
\BOOKMARK [3][-]{subsubsection.2.1.1}{\376\377\000C\000o\000n\000s\000u\000m\000i\000n\000g\000\040\000a\000\040\000d\000e\000p\000e\000n\000d\000e\000n\000c\000y}{subsection.2.1}% 18
\BOOKMARK [3][-]{subsubsection.2.1.2}{\376\377\000E\000x\000p\000o\000s\000i\000n\000g\000\040\000a\000\040\000d\000e\000p\000e\000n\000d\000e\000n\000c\000y}{subsection.2.1}% 19
\BOOKMARK [3][-]{subsubsection.2.1.3}{\376\377\000R\000e\000g\000i\000s\000t\000e\000r\000i\000n\000g\000\040\000a\000\040\000c\000o\000m\000p\000o\000n\000e\000n\000t}{subsection.2.1}% 20
\BOOKMARK [2][-]{subsection.2.2}{\376\377\000W\000r\000a\000p\000i\000n\000g\000\040\000i\000n\000\040\000a\000\040\000m\000o\000d\000u\000l\000e}{section.2}% 21
